// Jest Snapshot v1, https://goo.gl/fbAQLP

exports[`Alert renders basic Alert correctly 1`] = `
<ForwardRef(forwardRef)
  message="这是一个警告框"
  onClose={[Function]}
  theme="warning"
  visible={true}
>
  <LocaleReceiver
    forwardedRef={null}
    message="这是一个警告框"
    onClose={[Function]}
    theme="warning"
    visible={true}
  >
    <AlertExtension
      className=""
      closable={true}
      hideIcon={false}
      locale={
        Object {
          "close": "关闭",
        }
      }
      localeCode="zh-cn"
      message="这是一个警告框"
      onClose={[Function]}
      prefixCls="ui-alert"
      theme="warning"
      visible={true}
      width={270}
    >
      <Modal
        animationDuration={300}
        animationType="zoom"
        className=""
        isRadius={false}
        isRound={false}
        minWidth={270}
        onMaskClick={[Function]}
        prefixCls="ui-modal"
        visible={true}
        width={270}
      >
        <Portal
          containerInfo={
            <div>
              <div
                class="ui-modal fade-enter"
                style="position: fixed;"
              >
                <div
                  class="ui-modal-wrapper"
                >
                  <div
                    class="ui-modal-dialog zoom-enter"
                    style="width: 270px; min-width: 270px;"
                    tabindex="-1"
                  >
                    <div
                      class="ui-modal-body"
                      style="height: auto;"
                    >
                      <div
                        class="ui-alert"
                      >
                        <i
                          class="za-icon za-icon-warning-round theme-warning"
                        />
                        <span>
                          这是一个警告框
                        </span>
                      </div>
                    </div>
                    <div
                      class="ui-modal-footer"
                    >
                      <button
                        class="is-radius za-button za-button--default"
                        type="button"
                      >
                        关闭
                      </button>
                    </div>
                  </div>
                </div>
              </div>
            </div>
          }
        >
          <div
            className="ui-modal fade-enter"
            onClick={[Function]}
            style={
              Object {
                "WebkitAnimationDuration": "300ms",
                "position": "fixed",
              }
            }
          >
            <div
              className="ui-modal-wrapper"
            >
              <div
                className="ui-modal-dialog zoom-enter"
                onClick={[Function]}
                onKeyDown={[Function]}
                onKeyPress={[Function]}
                style={
                  Object {
                    "WebkitAnimationDuration": "300ms",
                    "minWidth": 270,
                    "width": 270,
                  }
                }
                tabIndex={-1}
              >
                <ModalBody
                  height="auto"
                  prefixCls="ui-modal"
                  style={Object {}}
                >
                  <div
                    className="ui-modal-body"
                    style={
                      Object {
                        "height": "auto",
                      }
                    }
                  >
                    <div
                      className="ui-alert"
                    >
                      <Icon
                        className=""
                        onClick={[Function]}
                        prefixCls="za-icon"
                        style={Object {}}
                        theme="warning"
                        type="warning-round"
                      >
                        <i
                          className="za-icon za-icon-warning-round theme-warning"
                          onClick={[Function]}
                          style={Object {}}
                        />
                      </Icon>
                      <span>
                        这是一个警告框
                      </span>
                    </div>
                  </div>
                </ModalBody>
                <ModalFooter
                  prefixCls="ui-modal"
                  style={Object {}}
                >
                  <div
                    className="ui-modal-footer"
                    style={Object {}}
                  >
                    <Button
                      block={false}
                      ghost={false}
                      htmlType="button"
                      onClick={[Function]}
                      prefixCls="za-button"
                      shape="radius"
                      size={null}
                      theme="default"
                    >
                      <button
                        className="is-radius za-button za-button--default"
                        onClick={[Function]}
                        type="button"
                      >
                        关闭
                      </button>
                    </Button>
                  </div>
                </ModalFooter>
              </div>
            </div>
          </div>
        </Portal>
      </Modal>
    </AlertExtension>
  </LocaleReceiver>
</ForwardRef(forwardRef)>
`;
